// Jest Snapshot v1, https://goo.gl/fbAQLP

exports[`<TenDay /> should be be match snaps 1`] = `
<div
  className="ten-day-container"
>
  <div
    className="ten-day"
    id="card0"
  >
    <h2
      className="card__time"
    >
      Wednesday
    </h2>
    <img
      alt=""
      className="card__icon"
      src="http://icons.wxug.com/i/c/k/partlycloudy.gif"
    />
    <h2
      className="card__temp"
    >
      51
      °F
    </h2>
    <h2
      className="card__temp"
    >
      32
      °F
    </h2>
  </div>
  <div
    className="ten-day"
    id="card1"
  >
    <h2
      className="card__time"
    >
      Thursday
    </h2>
    <img
      alt=""
      className="card__icon"
      src="http://icons.wxug.com/i/c/k/clear.gif"
    />
    <h2
      className="card__temp"
    >
      55
      °F
    </h2>
    <h2
      className="card__temp"
    >
      51
      °F
    </h2>
  </div>
  <div
    className="ten-day"
    id="card2"
  >
    <h2
      className="card__time"
    >
      Friday
    </h2>
    <img
      alt=""
      className="card__icon"
      src="http://icons.wxug.com/i/c/k/chancerain.gif"
    />
    <h2
      className="card__temp"
    >
      57
      °F
    </h2>
    <h2
      className="card__temp"
    >
      44
      °F
    </h2>
  </div>
  <div
    className="ten-day"
    id="card3"
  >
    <h2
      className="card__time"
    >
      Saturday
    </h2>
    <img
      alt=""
      className="card__icon"
      src="http://icons.wxug.com/i/c/k/rain.gif"
    />
    <h2
      className="card__temp"
    >
      47
      °F
    </h2>
    <h2
      className="card__temp"
    >
      30
      °F
    </h2>
  </div>
  <div
    className="ten-day"
    id="card4"
  >
    <h2
      className="card__time"
    >
      Sunday
    </h2>
    <img
      alt=""
      className="card__icon"
      src="http://icons.wxug.com/i/c/k/cloudy.gif"
    />
    <h2
      className="card__temp"
    >
      37
      °F
    </h2>
    <h2
      className="card__temp"
    >
      22
      °F
    </h2>
  </div>
  <div
    className="ten-day"
    id="card5"
  >
    <h2
      className="card__time"
    >
      Monday
    </h2>
    <img
      alt=""
      className="card__icon"
      src="http://icons.wxug.com/i/c/k/clear.gif"
    />
    <h2
      className="card__temp"
    >
      35
      °F
    </h2>
    <h2
      className="card__temp"
    >
      19
      °F
    </h2>
  </div>
  <div
    className="ten-day"
    id="card6"
  >
    <h2
      className="card__time"
    >
      Tuesday
    </h2>
    <img
      alt=""
      className="card__icon"
      src="http://icons.wxug.com/i/c/k/partlycloudy.gif"
    />
    <h2
      className="card__temp"
    >
      32
      °F
    </h2>
    <h2
      className="card__temp"
    >
      20
      °F
    </h2>
  </div>
  <div
    className="ten-day"
    id="card7"
  >
    <h2
      className="card__time"
    >
      Wednesday
    </h2>
    <img
      alt=""
      className="card__icon"
      src="http://icons.wxug.com/i/c/k/partlycloudy.gif"
    />
    <h2
      className="card__temp"
    >
      33
      °F
    </h2>
    <h2
      className="card__temp"
    >
      26
      °F
    </h2>
  </div>
  <div
    className="ten-day"
    id="card8"
  >
    <h2
      className="card__time"
    >
      Thursday
    </h2>
    <img
      alt=""
      className="card__icon"
      src="http://icons.wxug.com/i/c/k/snow.gif"
    />
    <h2
      className="card__temp"
    >
      35
      °F
    </h2>
    <h2
      className="card__temp"
    >
      23
      °F
    </h2>
  </div>
  <div
    className="ten-day"
    id="card9"
  >
    <h2
      className="card__time"
    >
      Friday
    </h2>
    <img
      alt=""
      className="card__icon"
      src="http://icons.wxug.com/i/c/k/partlycloudy.gif"
    />
    <h2
      className="card__temp"
    >
      31
      °F
    </h2>
    <h2
      className="card__temp"
    >
      18
      °F
    </h2>
  </div>
</div>
`;
